Dump of file data/NikPEViewer.exe

File Header
  Machine:                      014C
  Number of Sections:           0005

  TimeDateStamp:                4D6E9C4E (2011-03-02 20:36:46)
  PointerToSymbolTable:         00000000
  NumberOfSymbols:              00000000
  SizeOfOptionalHeader:         00E0
  Characteristics:              0102

Optional Header
  Magic                         010B
  linker version                9.0
  size of code                  1B600
  size of initialized data      00014600
  size of uninitialized data    00000000
  entrypoint RVA                0001002B
  base of code                  00001000
  base of data                  0001D000

  image base                    0000000000400000
  section align                 00001000
  file align                    00000200
  required OS version           5.0
  image version                 0.0
  subsystem version             5.0
  Win32 Version                 0
  size of image                 00035000
  size of headers               00000400
  checksum                      00038E4C
  Subsystem                     0002
  DLL flags                     8140
  stack reserve size            0000000000100000
  stack commit size             0000000000001000
  heap reserve size             0000000000100000
  heap commit size              0000000000001000
  RVAs & sizes                  00000010

Data Directory
  EXPORT_TABLE            rva: 00000000  size: 00000000
  IMPORT_TABLE            rva: 00022858  size: 000000A0
  RESOURCE_TABLE          rva: 00028000  size: 0000982C
  EXCEPTION_TABLE         rva: 00000000  size: 00000000
  CERTIFICATE_TABLE       rva: 00000000  size: 00000000
  BASE_RELOCATION_TABLE   rva: 00032000  size: 00001820
  DEBUG                   rva: 00000000  size: 00000000
  ARCHITECTURE            rva: 00000000  size: 00000000
  GLOBAL_PTR              rva: 00000000  size: 00000000
  TLS_TABLE               rva: 00000000  size: 00000000
  LOAD_CONFIG_TABLE       rva: 00020DB0  size: 00000040
  BOUND_IMPORT            rva: 00000000  size: 00000000
  IAT                     rva: 0001D000  size: 000002AC
  DELAY_IMPORT_DESCRIPTOR rva: 00000000  size: 00000000
  COMPLUS_RUNTIME_HEADER  rva: 00000000  size: 00000000
  RESERVED                rva: 00000000  size: 00000000

Section Table
  000 .text     VirtSize: 0001B499  VirtAddr:  00001000
    raw data offs:   00000400  raw data size: 0001B600
    relocation offs: 00000000  relocations:   00000000
    line # offs:     00000000  line #'s:      00000000
    characteristics: 60000020
      CODE EXECUTE READ

  001 .rdata    VirtSize: 00006706  VirtAddr:  0001D000
    raw data offs:   0001BA00  raw data size: 00006800
    relocation offs: 00000000  relocations:   00000000
    line # offs:     00000000  line #'s:      00000000
    characteristics: 40000040
      INITIALIZED_DATA READ

  002 .data     VirtSize: 00003720  VirtAddr:  00024000
    raw data offs:   00022200  raw data size: 00001C00
    relocation offs: 00000000  relocations:   00000000
    line # offs:     00000000  line #'s:      00000000
    characteristics: C0000040
      INITIALIZED_DATA READ WRITE

  003 .rsrc     VirtSize: 0000982C  VirtAddr:  00028000
    raw data offs:   00023E00  raw data size: 00009A00
    relocation offs: 00000000  relocations:   00000000
    line # offs:     00000000  line #'s:      00000000
    characteristics: 40000040
      INITIALIZED_DATA READ

  004 .reloc    VirtSize: 00002714  VirtAddr:  00032000
    raw data offs:   0002D800  raw data size: 00002800
    relocation offs: 00000000  relocations:   00000000
    line # offs:     00000000  line #'s:      00000000
    characteristics: 42000040
      INITIALIZED_DATA DISCARDABLE READ


